// Jest Snapshot v1, https://goo.gl/fbAQLP

exports[`UnsupportedBrowser matches snapshot 1`] = `
<DocumentFragment>
  <div
    class="UnsupportedBrowser"
  >
    <img
      alt="browser image"
      class="UnsupportedBrowser__icon"
      src=""
      width="500px"
    />
    <h1
      class="UnsupportedBrowser__title"
    >
      Unsupported browser
    </h1>
    <p
      class="UnsupportedBrowser__text"
    >
      You’re using a web browser we don’t support yet. Please use one of these options to improve your experience.
    </p>
    <ul
      class="UnsupportedBrowser__list"
    >
      <li
        class="BrowserIcon"
      >
        <a
          class="BrowserIcon__link"
          href="#"
        >
          <img
            alt="Chrome"
            class="BrowserIcon__logo"
            height="130px"
            src=""
            width="130px"
          />
          <div
            class="BrowserIcon__title"
          >
            Chrome
          </div>
        </a>
      </li>
      <li
        class="BrowserIcon"
      >
        <a
          class="BrowserIcon__link"
          href="#"
        >
          <img
            alt="Safari"
            class="BrowserIcon__logo"
            height="130px"
            src=""
            width="130px"
          />
          <div
            class="BrowserIcon__title"
          >
            Safari
          </div>
        </a>
      </li>
      <li
        class="BrowserIcon"
      >
        <a
          class="BrowserIcon__link"
          href="#"
        >
          <img
            alt="Firefox"
            class="BrowserIcon__logo"
            height="130px"
            src=""
            width="130px"
          />
          <div
            class="BrowserIcon__title"
          >
            Firefox
          </div>
        </a>
      </li>
      <li
        class="BrowserIcon"
      >
        <a
          class="BrowserIcon__link"
          href="#"
        >
          <img
            alt="Opera"
            class="BrowserIcon__logo"
            height="130px"
            src=""
            width="130px"
          />
          <div
            class="BrowserIcon__title"
          >
            Opera
          </div>
        </a>
      </li>
      <li
        class="BrowserIcon"
      >
        <a
          class="BrowserIcon__link"
          href="#"
        >
          <img
            alt="Edge"
            class="BrowserIcon__logo"
            height="130px"
            src=""
            width="130px"
          />
          <div
            class="BrowserIcon__title"
          >
            Edge
          </div>
        </a>
      </li>
    </ul>
  </div>
</DocumentFragment>
`;
